
> frontend@0.1.0 start
> react-scripts start

Starting the development server...

Compiled with warnings.

[eslint] 
src\Dashboard.jsx
  Line 55:12:  'tick' is assigned a value but never used                                                                    no-unused-vars
  Line 227:8:  React Hook useCallback has a missing dependency: 'checks'. Either include it or remove the dependency array  react-hooks/exhaustive-deps

src\DoctorPage.jsx
  Line 145:19:  'data' is assigned a value but never used  no-unused-vars

src\Sidebar.jsx
  Line 181:12:  'dragOverId' is assigned a value but never used  no-unused-vars

src\WakeWord.jsx
  Line 90:32:   Unnecessary escape character: \.                                                                                         no-useless-escape
  Line 139:12:  '_state' is assigned a value but never used                                                                              no-unused-vars
  Line 295:8:   React Hook useCallback has a missing dependency: 'startIdleListening'. Either include it or remove the dependency array  react-hooks/exhaustive-deps

Search for the keywords to learn more about each warning.
To ignore, add // eslint-disable-next-line to the line before.

[1m[33mWARNING[39m[22m in [1m[eslint] 
src\Dashboard.jsx
  Line 55:12:  'tick' is assigned a value but never used                                                                    no-unused-vars
  Line 227:8:  React Hook useCallback has a missing dependency: 'checks'. Either include it or remove the dependency array  react-hooks/exhaustive-deps

src\DoctorPage.jsx
  Line 145:19:  'data' is assigned a value but never used  no-unused-vars

src\Sidebar.jsx
  Line 181:12:  'dragOverId' is assigned a value but never used  no-unused-vars

src\WakeWord.jsx
  Line 90:32:   Unnecessary escape character: \.                                                                                         no-useless-escape
  Line 139:12:  '_state' is assigned a value but never used                                                                              no-unused-vars
  Line 295:8:   React Hook useCallback has a missing dependency: 'startIdleListening'. Either include it or remove the dependency array  react-hooks/exhaustive-deps

[39m[22m

webpack compiled with [1m[33m1 warning[39m[22m
Compiling...
Failed to compile.

Module not found: Error: Cannot find file: 'Shell.jsx' does not match the corresponding name on disk: '.\src\shell.jsx'.
[1m[33mWARNING[39m[22m in [1m[eslint] 
src\Dashboard.jsx
  Line 55:12:  'tick' is assigned a value but never used                                                                    no-unused-vars
  Line 227:8:  React Hook useCallback has a missing dependency: 'checks'. Either include it or remove the dependency array  react-hooks/exhaustive-deps

src\DoctorPage.jsx
  Line 145:19:  'data' is assigned a value but never used  no-unused-vars

src\Sidebar.jsx
  Line 181:12:  'dragOverId' is assigned a value but never used  no-unused-vars

src\WakeWord.jsx
  Line 90:32:   Unnecessary escape character: \.                                                                                         no-useless-escape
  Line 139:12:  '_state' is assigned a value but never used                                                                              no-unused-vars
  Line 295:8:   React Hook useCallback has a missing dependency: 'startIdleListening'. Either include it or remove the dependency array  react-hooks/exhaustive-deps

[39m[22m

[1m[31mERROR[39m[22m in [1m./src/App.jsx[39m[22m [1m[32m24:0-28[39m[22m
[1mModule [1m[31mnot found[39m[22m[1m: [1m[31mError[39m[22m[1m: Cannot find file: 'Shell.jsx' does not match the corresponding name on disk: '.\src\shell.jsx'.[39m[22m

webpack compiled with [1m[31m1 error[39m[22m and [1m[33m1 warning[39m[22m
Compiling...
Failed to compile.

Module not found: Error: Can't resolve './components/Orb' in 'C:\Users\usuario\Desktop\Jarvis 26-02-2026\Jarvis-Bots\frontend\src'
[1m[33mWARNING[39m[22m in [1m[eslint] 
src\Dashboard.jsx
  Line 55:12:  'tick' is assigned a value but never used                                                                    no-unused-vars
  Line 227:8:  React Hook useCallback has a missing dependency: 'checks'. Either include it or remove the dependency array  react-hooks/exhaustive-deps

src\DoctorPage.jsx
  Line 145:19:  'data' is assigned a value but never used  no-unused-vars

src\Shell.jsx
  Line 113:9:   'orbIsSmall' is assigned a value but never used                         no-unused-vars
  Line 634:50:  Comments inside children section of tag should be placed inside braces  react/jsx-no-comment-textnodes
  Line 657:52:  Comments inside children section of tag should be placed inside braces  react/jsx-no-comment-textnodes
  Line 710:50:  Comments inside children section of tag should be placed inside braces  react/jsx-no-comment-textnodes
  Line 763:40:  Comments inside children section of tag should be placed inside braces  react/jsx-no-comment-textnodes
  Line 770:40:  Comments inside children section of tag should be placed inside braces  react/jsx-no-comment-textnodes

src\Sidebar.jsx
  Line 181:12:  'dragOverId' is assigned a value but never used  no-unused-vars

src\WakeWord.jsx
  Line 90:32:   Unnecessary escape character: \.                                                                                         no-useless-escape
  Line 139:12:  '_state' is assigned a value but never used                                                                              no-unused-vars
  Line 295:8:   React Hook useCallback has a missing dependency: 'startIdleListening'. Either include it or remove the dependency array  react-hooks/exhaustive-deps

[39m[22m

[1m[31mERROR[39m[22m in [1m./src/Shell.jsx[39m[22m [1m[32m20:0-35[39m[22m
[1mModule [1m[31mnot found[39m[22m[1m: [1m[31mError[39m[22m[1m: Can't resolve './components/Orb' in 'C:\Users\usuario\Desktop\Jarvis 26-02-2026\Jarvis-Bots\frontend\src'[39m[22m

webpack compiled with [1m[31m1 error[39m[22m and [1m[33m1 warning[39m[22m
Compiling...
Compiled with warnings.

[eslint] 
src\Dashboard.jsx
  Line 55:12:  'tick' is assigned a value but never used                                                                    no-unused-vars
  Line 227:8:  React Hook useCallback has a missing dependency: 'checks'. Either include it or remove the dependency array  react-hooks/exhaustive-deps

src\DoctorPage.jsx
  Line 145:19:  'data' is assigned a value but never used  no-unused-vars

src\Shell.jsx
  Line 113:9:   'orbIsSmall' is assigned a value but never used                         no-unused-vars
  Line 634:50:  Comments inside children section of tag should be placed inside braces  react/jsx-no-comment-textnodes
  Line 657:52:  Comments inside children section of tag should be placed inside braces  react/jsx-no-comment-textnodes
  Line 710:50:  Comments inside children section of tag should be placed inside braces  react/jsx-no-comment-textnodes
  Line 763:40:  Comments inside children section of tag should be placed inside braces  react/jsx-no-comment-textnodes
  Line 770:40:  Comments inside children section of tag should be placed inside braces  react/jsx-no-comment-textnodes

src\Sidebar.jsx
  Line 181:12:  'dragOverId' is assigned a value but never used  no-unused-vars

src\WakeWord.jsx
  Line 90:32:   Unnecessary escape character: \.                                                                                         no-useless-escape
  Line 139:12:  '_state' is assigned a value but never used                                                                              no-unused-vars
  Line 295:8:   React Hook useCallback has a missing dependency: 'startIdleListening'. Either include it or remove the dependency array  react-hooks/exhaustive-deps

Search for the keywords to learn more about each warning.
To ignore, add // eslint-disable-next-line to the line before.

[1m[33mWARNING[39m[22m in [1m[eslint] 
src\Dashboard.jsx
  Line 55:12:  'tick' is assigned a value but never used                                                                    no-unused-vars
  Line 227:8:  React Hook useCallback has a missing dependency: 'checks'. Either include it or remove the dependency array  react-hooks/exhaustive-deps

src\DoctorPage.jsx
  Line 145:19:  'data' is assigned a value but never used  no-unused-vars

src\Shell.jsx
  Line 113:9:   'orbIsSmall' is assigned a value but never used                         no-unused-vars
  Line 634:50:  Comments inside children section of tag should be placed inside braces  react/jsx-no-comment-textnodes
  Line 657:52:  Comments inside children section of tag should be placed inside braces  react/jsx-no-comment-textnodes
  Line 710:50:  Comments inside children section of tag should be placed inside braces  react/jsx-no-comment-textnodes
  Line 763:40:  Comments inside children section of tag should be placed inside braces  react/jsx-no-comment-textnodes
  Line 770:40:  Comments inside children section of tag should be placed inside braces  react/jsx-no-comment-textnodes

src\Sidebar.jsx
  Line 181:12:  'dragOverId' is assigned a value but never used  no-unused-vars

src\WakeWord.jsx
  Line 90:32:   Unnecessary escape character: \.                                                                                         no-useless-escape
  Line 139:12:  '_state' is assigned a value but never used                                                                              no-unused-vars
  Line 295:8:   React Hook useCallback has a missing dependency: 'startIdleListening'. Either include it or remove the dependency array  react-hooks/exhaustive-deps

[39m[22m

webpack compiled with [1m[33m1 warning[39m[22m
